// Jest Snapshot v1, https://goo.gl/fbAQLP

exports[`Homepage renders correctly 1`] = `
<DocumentFragment>
  <div
    class="flex flex-col h-screen"
  >
    <header
      class="bg-gray-700 flex items-center justify-between w-screen h-16 border-b-2 border-gray-200"
    >
      <h1
        class="text-gray-200 text-xl sm:text-2xl font-bold m-2"
      >
        Some Message App
      </h1>
      <p
        class="text-gray-200 px-4"
      >
        Loading...
      </p>
    </header>
    <main
      class="grid grid-cols-12 overflow-hidden h-full text-xl sm:text-2xl  bg-gray-700 "
    >
      <div
        class="flex flex-col col-start-1 col-end-13 h-full overflow-hidden md:col-start-3 md:col-end-11"
      >
        <div
          class="h-full flex flex-col grid-rows-tabs md:grid md:grid-cols-12 overflow-hidden"
        >
          <div
            class="bg-gray-400 row-span-full md:col-start-1 md:col-end-3"
          />
          <div
            class="flex bg-gray-300 text-gray-800 text-base md:text-xl px-2 py-1 md:col-start-3 md:col-end-13"
          >
            <div
              class="px-4 border-r hover:underline border-gray-700 last:border-r-0 cursor-pointer underline"
            >
              Global
            </div>
          </div>
          <div
            class="scroll flex-grow md:h-auto bg-gray-300 flex flex-col-reverse md:col-start-3 md:col-end-13 overflow-y-scroll"
          >
            <div />
          </div>
        </div>
        <div
          class="bg-gray-300"
        >
          <form
            class="h-full grid md:grid-rows-1 grid-cols-12 items-center justify-around"
          >
            <input
              autocomplete="off"
              class="text-sm md:text-2xl col-start-1 col-end-13 md:col-start-1 md:col-end-3 px-3 text-gray-700 bg-gray-300 focus:outline-none resize-none"
              name="user-name"
              type="text"
              value="Guest"
            />
            <div
              class="col-start-1 md:col-start-3 col-end-13 ml-2 flex"
            >
              <input
                autocomplete="off"
                class="flex-grow min-w-0 my-3 px-3 py-1.5 rounded-xl bg-gray-200 focus:outline-none resize-none"
                name="user-input"
                type="text"
                value=""
              />
              <button
                class="px-2 sm:px-4 text-gray-700 font-bold"
                type="submit"
              >
                Send
              </button>
            </div>
          </form>
        </div>
      </div>
    </main>
  </div>
</DocumentFragment>
`;
