// Jest Snapshot v1, https://goo.gl/fbAQLP

exports[`Homepage renders correctly 1`] = `
<DocumentFragment>
  <div
    class=" flex flex-col h-screen"
  >
    <header
      class="bg-gray-200 dark:bg-gray-900 flex items-center justify-between w-screen h-16 border-b border-gray-400 dark:border-gray-600"
    >
      <h1
        class="text-gray-800 dark:text-gray-200 text-3xl font-bold m-2"
      >
        Transmitter
      </h1>
      <div
        class="flex"
      >
        <div
          class="flex items-center justify-center"
        >
          <div
            class="mr-2"
          >
            🌞
          </div>
          <label
            class="flex items-center cursor-pointer"
            for="toggle"
          >
            <div
              class="relative"
            >
              <input
                class="sr-only"
                id="toggle"
                type="checkbox"
              />
              <div
                class="w-6 h-2 bg-gray-400 rounded-full shadow-inner"
              />
              <div
                class="dot absolute w-4 h-4 bg-white rounded-full shadow -left-1 -top-1 transition"
              />
            </div>
          </label>
          <div
            class="ml-2"
          >
            🌙
          </div>
        </div>
        <p
          class="text-gray-800 dark:text-gray-200 mx-4"
        >
          Loading...
        </p>
      </div>
    </header>
    <main
      class="grid grid-cols-12 overflow-hidden h-full text-xl sm:text-2xl bg-gray-200 dark:bg-gray-900"
    >
      <div
        class="flex flex-col col-start-1 col-end-13 h-full border-l border-r border-gray-300 dark:border-gray-700 overflow-hidden lg:col-start-3 lg:col-end-11"
      >
        <div
          class="h-full flex flex-col grid-rows-tabs lg:grid lg:grid-cols-12 overflow-hidden"
        >
          <div
            class="row-span-full border-r border-b border-gray-300 dark:border-gray-700 lg:col-start-1 lg:col-end-3"
          />
          <div
            class="flex text-gray-800 dark:text-gray-200 mb-1 border-b border-gray-300 dark:border-gray-700 text-base lg:text-xl lg:col-start-3 lg:col-end-13"
          >
            <div
              class="first:border-l px-4 py-2 hover:bg-gray-300 dark:hover:bg-gray-800 border-r border-gray-300 dark:border-gray-700 bg-gray-200 cursor-pointer flex justify-between items-center bg-gray-300 dark:bg-gray-800"
            >
              <span>
                Global
              </span>
            </div>
          </div>
          <div
            class="scroll scrollbar border-b border-gray-300 dark:border-gray-700 flex-grow lg:h-auto flex flex-col-reverse lg:col-start-3 lg:col-end-13 overflow-y-scroll"
          >
            <div>
              <div
                class="flex bg-opacity-75 items-center justify-end bg-gray-300 dark:bg-gray-800 mb-2 last:mb-0 lg:last:mb-2 px-4 transition-opacity hover:bg-opacity-40"
              >
                <div
                  class="text-gray-800 dark:text-gray-200 flex flex-col justify-start my-1"
                >
                  <div
                    class="flex justify-end"
                  >
                    <div
                      class="text-sm mr-1"
                    >
                      1 month ago
                    </div>
                    <div
                      class="text-sm font-bold"
                      data-cy="message-username"
                    >
                      Chamila
                    </div>
                  </div>
                  <div
                    class="text-right text-lg"
                    data-cy="message-content"
                  >
                    <p>
                      Hello there! Use the input below to send a message.
                    </p>
                    <p>
                      Click on your name on the bottom left to change your name.
                    </p>
                    <p>
                      Click on another user's name to open a private chat with them!
                    </p>
                  </div>
                </div>
              </div>
            </div>
          </div>
        </div>
        <div>
          <form
            class="h-full grid lg:grid-rows-1 grid-cols-12 items-center justify-around"
          >
            <input
              autocomplete="off"
              class="text-base h-full border-r border-gray-300 dark:border-gray-700 lg:text-2xl col-start-1 col-end-13 lg:col-start-1 lg:col-end-3 px-3 text-gray-800 dark:text-gray-200 bg-gray-200 dark:bg-gray-900 focus:outline-none resize-none"
              data-cy="input-username"
              name="user-name"
              type="text"
              value="Guest"
            />
            <div
              class="col-start-1 lg:col-start-3 col-end-13 flex bg-gray-300 dark:bg-gray-800"
            >
              <textarea
                autocomplete="off"
                class="no-scrollbar flex-grow min-w-0 my-3 px-3 py-1.5 bg-gray-300 dark:bg-gray-800 text-gray-800 dark:text-gray-200 focus:outline-none resize-none"
                data-cy="input-message"
                name="user-input"
                rows="1"
              />
              <button
                class="px-2 sm:px-4 text-gray-800 dark:text-gray-200 font-bold"
                data-cy="send-message"
                type="submit"
              >
                Send
              </button>
            </div>
          </form>
        </div>
      </div>
    </main>
  </div>
</DocumentFragment>
`;
